// Jest Snapshot v1, https://goo.gl/fbAQLP

exports[`Edit profile form passes snapshot test 1`] = `
<DocumentFragment>
  <div
    class="MuiGrid-root makeStyles-root-1 MuiGrid-container MuiGrid-justify-xs-center"
  >
    <div
      class="MuiGrid-root MuiGrid-container MuiGrid-item MuiGrid-grid-sm-8 MuiGrid-grid-md-4"
    >
      <form
        class="makeStyles-form-2"
      >
        <h6
          class="MuiTypography-root makeStyles-title-3 MuiTypography-h6"
        >
          Edit Profile
        </h6>
        <div
          class="MuiGrid-root MuiGrid-container MuiGrid-spacing-xs-3 MuiGrid-direction-xs-column"
        >
          <div
            class="MuiGrid-root MuiGrid-item"
          >
            <div
              class="MuiFormControl-root MuiTextField-root MuiFormControl-fullWidth"
            >
              <label
                class="MuiFormLabel-root MuiInputLabel-root MuiInputLabel-formControl MuiInputLabel-animated MuiInputLabel-shrink MuiInputLabel-outlined MuiFormLabel-filled"
                data-shrink="true"
                for="firstName"
                id="firstName-label"
              >
                First Name
              </label>
              <div
                class="MuiInputBase-root MuiOutlinedInput-root MuiInputBase-fullWidth MuiInputBase-formControl"
              >
                <input
                  aria-invalid="false"
                  class="MuiInputBase-input MuiOutlinedInput-input"
                  id="firstName"
                  name="firstName"
                  type="text"
                  value="john"
                />
                <fieldset
                  aria-hidden="true"
                  class="PrivateNotchedOutline-root-4 MuiOutlinedInput-notchedOutline"
                >
                  <legend
                    class="PrivateNotchedOutline-legendLabelled-6 PrivateNotchedOutline-legendNotched-7"
                  >
                    <span>
                      First Name
                    </span>
                  </legend>
                </fieldset>
              </div>
            </div>
          </div>
          <div
            class="MuiGrid-root MuiGrid-item"
          >
            <div
              class="MuiFormControl-root MuiTextField-root MuiFormControl-fullWidth"
            >
              <label
                class="MuiFormLabel-root MuiInputLabel-root MuiInputLabel-formControl MuiInputLabel-animated MuiInputLabel-shrink MuiInputLabel-outlined MuiFormLabel-filled"
                data-shrink="true"
                for="lastName"
                id="lastName-label"
              >
                Last Name
              </label>
              <div
                class="MuiInputBase-root MuiOutlinedInput-root MuiInputBase-fullWidth MuiInputBase-formControl"
              >
                <input
                  aria-invalid="false"
                  class="MuiInputBase-input MuiOutlinedInput-input"
                  id="lastName"
                  name="lastName"
                  type="text"
                  value="doe"
                />
                <fieldset
                  aria-hidden="true"
                  class="PrivateNotchedOutline-root-4 MuiOutlinedInput-notchedOutline"
                >
                  <legend
                    class="PrivateNotchedOutline-legendLabelled-6 PrivateNotchedOutline-legendNotched-7"
                  >
                    <span>
                      Last Name
                    </span>
                  </legend>
                </fieldset>
              </div>
            </div>
          </div>
          <div
            class="MuiGrid-root MuiGrid-item"
          >
            <div
              class="MuiFormControl-root MuiTextField-root MuiFormControl-fullWidth"
            >
              <label
                class="MuiFormLabel-root MuiInputLabel-root MuiInputLabel-formControl MuiInputLabel-animated MuiInputLabel-shrink MuiInputLabel-outlined MuiFormLabel-filled"
                data-shrink="true"
                for="email"
                id="email-label"
              >
                Email
              </label>
              <div
                class="MuiInputBase-root MuiOutlinedInput-root MuiInputBase-fullWidth MuiInputBase-formControl"
              >
                <input
                  aria-invalid="false"
                  class="MuiInputBase-input MuiOutlinedInput-input"
                  id="email"
                  name="email"
                  type="text"
                  value="johndoe@email.com"
                />
                <fieldset
                  aria-hidden="true"
                  class="PrivateNotchedOutline-root-4 MuiOutlinedInput-notchedOutline"
                >
                  <legend
                    class="PrivateNotchedOutline-legendLabelled-6 PrivateNotchedOutline-legendNotched-7"
                  >
                    <span>
                      Email
                    </span>
                  </legend>
                </fieldset>
              </div>
            </div>
          </div>
          <div
            class="MuiGrid-root MuiGrid-item"
          >
            <div
              class="MuiFormControl-root MuiTextField-root MuiFormControl-fullWidth"
            >
              <label
                class="MuiFormLabel-root MuiInputLabel-root MuiInputLabel-formControl MuiInputLabel-animated MuiInputLabel-shrink MuiInputLabel-outlined MuiFormLabel-filled"
                data-shrink="true"
                for="photoUrl"
                id="photoUrl-label"
              >
                Photo URL
              </label>
              <div
                class="MuiInputBase-root MuiOutlinedInput-root MuiInputBase-fullWidth MuiInputBase-formControl"
              >
                <input
                  aria-invalid="false"
                  class="MuiInputBase-input MuiOutlinedInput-input"
                  id="photoUrl"
                  name="photoUrl"
                  type="text"
                  value="www.test.com"
                />
                <fieldset
                  aria-hidden="true"
                  class="PrivateNotchedOutline-root-4 MuiOutlinedInput-notchedOutline"
                >
                  <legend
                    class="PrivateNotchedOutline-legendLabelled-6 PrivateNotchedOutline-legendNotched-7"
                  >
                    <span>
                      Photo URL
                    </span>
                  </legend>
                </fieldset>
              </div>
            </div>
          </div>
          <div
            class="MuiGrid-root MuiGrid-container MuiGrid-item MuiGrid-justify-xs-space-between"
          >
            <button
              class="MuiButtonBase-root MuiButton-root MuiButton-text MuiButton-textPrimary"
              tabindex="0"
              type="button"
            >
              <span
                class="MuiButton-label"
              >
                Update Profile
              </span>
              <span
                class="MuiTouchRipple-root"
              />
            </button>
            <a
              aria-disabled="false"
              class="MuiButtonBase-root MuiButton-root MuiButton-text MuiButton-textSecondary"
              href="/profile"
              role="button"
              tabindex="0"
            >
              <span
                class="MuiButton-label"
              >
                Cancel
              </span>
              <span
                class="MuiTouchRipple-root"
              />
            </a>
          </div>
        </div>
      </form>
    </div>
  </div>
</DocumentFragment>
`;
