// Jest Snapshot v1, https://goo.gl/fbAQLP

exports[`Search results from UserSearchForm passes snapshot test 1`] = `
<DocumentFragment>
  <div
    class="MuiGrid-root MuiGrid-container MuiGrid-direction-xs-column MuiGrid-align-items-xs-center"
  >
    <div
      class="MuiGrid-root MuiGrid-container MuiGrid-item MuiGrid-direction-xs-column MuiGrid-grid-sm-8 MuiGrid-grid-md-6"
    >
      <div
        class="MuiGrid-root MuiGrid-item"
      >
        <div
          class="MuiPaper-root MuiPaper-elevation1 MuiPaper-rounded"
        >
          <ul
            class="MuiList-root MuiList-padding"
          >
            <li
              class="MuiListItem-container"
            >
              <div
                class="MuiListItem-root MuiListItem-gutters MuiListItem-divider MuiListItem-secondaryAction"
              >
                <div
                  class="MuiListItemAvatar-root"
                >
                  <div
                    class="MuiAvatar-root MuiAvatar-circle"
                  >
                    <img
                      class="MuiAvatar-img"
                      src="www.test.com"
                    />
                  </div>
                </div>
                <div
                  class="MuiListItemText-root"
                >
                  <span
                    class="MuiTypography-root MuiListItemText-primary MuiTypography-body1 MuiTypography-displayBlock"
                  >
                    test username
                  </span>
                </div>
              </div>
              <div
                class="MuiListItemSecondaryAction-root"
              >
                <button
                  class="MuiButtonBase-root MuiButton-root MuiButton-outlined MuiButton-outlinedSecondary MuiButton-outlinedSizeSmall MuiButton-sizeSmall"
                  tabindex="0"
                  type="button"
                >
                  <span
                    class="MuiButton-label"
                  >
                    Unfriend
                  </span>
                  <span
                    class="MuiTouchRipple-root"
                  />
                </button>
              </div>
            </li>
          </ul>
        </div>
      </div>
    </div>
  </div>
</DocumentFragment>
`;
